
> quote-widget-saas@0.1.0 build
> next build

node.exe : ΓÜá Warning: Next.js inferred your workspace root, but 
it may not be correct.
At line:1 char:1
+ & "C:\Program Files\nodejs/node.exe" "C:\Program 
Files\nodejs/node_mo ...
+ ~~~~~~~~~~~~~~~~~~~~~~~~~~~~~~~~~~~~~~~~~~~~~~~~~~~~~~~~~~~~~~~~~
~~~~
    + CategoryInfo          : NotSpecified: (ΓÜá Warning: Ne...not 
    be correct.:String) [], RemoteException
    + FullyQualifiedErrorId : NativeCommandError
 
 We detected multiple lockfiles and selected the directory of 
C:\Users\Emmanuel and Claudia\ANTI\package-lock.json as the root 
directory.
 To silence this warning, set `turbopack.root` in your Next.js 
config, or consider removing one of the lockfiles if it's not 
needed.
   See https://nextjs.org/docs/app/api-reference/config/next-config
-js/turbopack#root-directory for more information.
 Detected additional lockfiles: 
   * C:\Users\Emmanuel and 
Claudia\ANTI\quote-widget-saas\package-lock.json

Γû▓ Next.js 16.1.6 (Turbopack)
- Environments: .env

ΓÜá The "middleware" file convention is deprecated. Please use 
"proxy" instead. Learn more: 
https://nextjs.org/docs/messages/middleware-to-proxy
  Creating an optimized production build ...
Γ£ô Compiled successfully in 5.4s
  Running TypeScript ...
Failed to compile.

./src/app/api/widget/[companyId]/submit/route.ts:19:9
Type error: Object literal may only specify known properties, and 
'serviceType' does not exist in type 
'Without<QuoteRequestCreateInput, 
QuoteRequestUncheckedCreateInput> & 
QuoteRequestUncheckedCreateInput'.

[0m [90m 17 |[39m         distanceMiles[33m:[39m 
data[33m.[39mdistanceMiles[33m,[39m
 [90m 18 |[39m         estimatedPrice[33m:[39m 
data[33m.[39mestimatedPrice[33m,[39m
[31m[1m>[22m[39m[90m 19 |[39m         serviceType[33m:[39m 
data[33m.[39misLargeItem [33m?[39m [32m"Large Item 
Delivery"[39m [33m:[39m [32m"Standard Delivery"[39m[33m,[39m
 [90m    |[39m         [31m[1m^[22m[39m
 [90m 20 |[39m         status[33m:[39m 
[32m"PENDING"[39m[33m,[39m
 [90m 21 |[39m         packageWeight[33m:[39m 
data[33m.[39mpackageWeight [33m?[39m 
[33mString[39m(data[33m.[39mpackageWeight) [33m:[39m 
[36mnull[39m[33m,[39m
 [90m 22 |[39m         selectedExtras[33m:[39m 
[33mJSON[39m[33m.[39mstringify({[0m
Next.js build worker exited with code: 1 and signal: null
